2024-09-02 20:38:35 info: 	Server is running on port 8000
2024-09-02 20:41:44 info: 	Server is running on port 8000
2024-09-02 20:44:56 info: 	Environment: development
2024-09-02 20:44:56 info: 	Server is running on port 8000
2024-09-02 20:53:11 info: 	Current environment: development
2024-09-02 20:53:11 info: 	Running in development mode.
2024-09-02 20:53:11 info: 	Server is running on port 8000
2024-09-02 21:08:31 info: 	Server is running on port 8000
2024-09-02 21:57:20 info: 	Server is running on port 8000
2024-09-02 22:00:28 info: 	Server is running on port 8000
2024-09-02 22:09:33 info: 	Server is running on port 8000
2024-09-02 22:09:54 error: 	Supabase auth error:
2024-09-02 22:09:54 error: 	Supabase auth error:
2024-09-02 22:10:06 error: 	Supabase auth error:
2024-09-02 22:10:06 error: 	Supabase auth error:
2024-09-02 22:10:39 info: 	Server is running on port 8000
2024-09-02 22:11:06 error: 	Supabase auth error:
2024-09-02 22:11:06 error: 	Supabase auth error:
2024-09-02 22:11:18 error: 	Supabase auth error:
2024-09-02 22:11:18 error: 	Supabase auth error:
2024-09-02 22:11:34 error: 	Error in addFixedExpense: Project not found or unauthorized
2024-09-02 22:12:02 info: 	Server is running on port 8000
2024-09-02 22:17:07 info: 	Server is running on port 8000
2024-09-02 22:18:24 info: 	Server is running on port 8000
2024-09-02 22:19:15 info: 	Server is running on port 8000
2024-09-02 22:36:51 error: 	Error in deleteEmployeePayroll: Cannot read properties of undefined (reading 'id')
2024-09-02 22:36:51 error: 	Error in deleteFixedExpense: Cannot read properties of undefined (reading 'id')
2024-09-02 22:36:51 error: 	Error in deleteCapitalCost: Cannot read properties of undefined (reading 'id')
2024-09-02 22:36:52 error: 	Error in deleteEmployeePayroll: Cannot read properties of undefined (reading 'id')
2024-09-02 22:38:54 error: 	Error in deleteFixedExpense: Cannot read properties of undefined (reading 'id')
2024-09-02 22:41:03 error: 	Error in deleteFixedExpense: Cannot read properties of undefined (reading 'id')
2024-09-02 22:41:29 error: 	Error in deleteEmployeePayroll: Cannot read properties of undefined (reading 'id')
2024-09-02 22:41:56 error: 	Error in deleteEmployeePayroll: Cannot read properties of undefined (reading 'id')
2024-09-02 22:52:27 info: 	Server is running on port 8000
2024-09-02 22:59:30 info: 	Server is running on port 8000
2024-09-02 23:09:39 info: 	Server is running on port 8000
2024-09-02 23:14:57 info: 	Server is running on port 8000
2024-09-10 15:28:43 info: 	Server is running on port 8000
2024-09-10 16:26:40 error: 	Error in getUserProfile: column user_profiles.profile_data does not exist
2024-09-10 16:26:40 error: 	Error in getUserProfile: column user_profiles.profile_data does not exist
2024-09-10 16:26:41 error: 	Error in getFundingRecommendations: relation "public.funding_types" does not exist
2024-09-10 16:27:02 error: 	Error in getFundingRecommendations: relation "public.funding_types" does not exist
2024-09-10 16:27:04 error: 	Error in getFundingRecommendations: relation "public.funding_types" does not exist
2024-09-10 16:27:05 error: 	Error in getFundingRecommendations: relation "public.funding_types" does not exist
2024-09-10 16:29:06 error: 	Error in getUserProfile: column user_profiles.profile_data does not exist
2024-09-10 16:29:06 error: 	Error in getFundingRecommendations: relation "public.funding_types" does not exist
2024-09-10 16:29:32 error: 	Error in getUserProfile: column user_profiles.profile_data does not exist
2024-09-10 16:29:32 error: 	Error in getFundingRecommendations: relation "public.funding_types" does not exist
2024-09-10 16:29:43 error: 	Error in getFundingRecommendations: relation "public.funding_types" does not exist
2024-09-10 16:29:46 error: 	Error in getFundingRecommendations: relation "public.funding_types" does not exist
2024-09-10 16:29:47 error: 	Error in getFundingRecommendations: relation "public.funding_types" does not exist
2024-09-10 16:31:11 error: 	Error in getFundingRecommendations: relation "public.funding_types" does not exist
2024-09-10 16:31:12 error: 	Error in getUserProfile: column user_profiles.profile_data does not exist
2024-09-10 16:31:25 error: 	Error in getFundingRecommendations: relation "public.funding_types" does not exist
2024-09-10 16:31:27 error: 	Error in getFundingRecommendations: relation "public.funding_types" does not exist
2024-09-10 16:31:52 error: 	Error in getFundingRecommendations: relation "public.funding_types" does not exist
2024-09-10 16:31:54 error: 	Error in getFundingRecommendations: relation "public.funding_types" does not exist
2024-09-10 16:32:25 error: 	Error in saveUserProfile: Could not find the 'profile_data' column of 'user_profiles' in the schema cache
2024-09-10 16:56:31 info: 	Server is running on port 8000
2024-09-10 16:56:38 error: 	Error in getFundingRecommendations: supabase.raw is not a function
2024-09-10 16:56:38 error: 	Error in getUserProfile: JSON object requested, multiple (or no) rows returned
2024-09-10 17:00:06 info: 	Server is running on port 8000
2024-09-10 17:00:54 error: 	Error in getFundingRecommendations: supabase.sql is not a function
2024-09-10 17:02:25 info: 	Server is running on port 8000
2024-09-10 17:02:50 error: 	Error in getFundingRecommendations: JSON object requested, multiple (or no) rows returned
2024-09-10 17:04:42 info: 	Server is running on port 8000
2024-09-10 17:05:00 info: 	Server is running on port 8000
2024-09-10 17:25:13 info: 	Server is running on port 8000
2024-09-10 17:26:35 info: 	Server is running on port 8000
2024-09-10 18:38:31 error: 	Error in getFundingRecommendations: Cannot read properties of null (reading 'includes')
2024-09-10 18:56:23 error: 	Error in getFundingRecommendations: Cannot read properties of null (reading 'includes')
2024-09-10 19:08:51 error: 	Error in getFundingRecommendations: Cannot read properties of null (reading 'includes')
2024-09-10 19:09:46 error: 	Error in getFundingRecommendations: Cannot read properties of null (reading 'includes')
2024-09-10 19:09:54 error: 	Error in getFundingRecommendations: Cannot read properties of null (reading 'includes')
2024-09-10 19:09:55 error: 	Error in getFundingRecommendations: Cannot read properties of null (reading 'includes')
2024-09-10 19:09:56 error: 	Error in getFundingRecommendations: Cannot read properties of null (reading 'includes')
2024-09-10 19:09:57 error: 	Error in getFundingRecommendations: Cannot read properties of null (reading 'includes')
2024-09-10 19:09:58 error: 	Error in getFundingRecommendations: Cannot read properties of null (reading 'includes')
2024-09-10 19:10:01 error: 	Error in getFundingRecommendations: Cannot read properties of null (reading 'includes')
2024-09-10 19:10:02 error: 	Error in getFundingRecommendations: Cannot read properties of null (reading 'includes')
2024-09-10 19:10:04 error: 	Error in getFundingRecommendations: Cannot read properties of null (reading 'includes')
2024-09-10 19:10:05 error: 	Error in getFundingRecommendations: Cannot read properties of null (reading 'includes')
2024-09-10 19:10:07 error: 	Error in getFundingRecommendations: Cannot read properties of null (reading 'includes')
2024-09-10 19:10:18 error: 	Error in getFundingRecommendations: Cannot read properties of null (reading 'includes')
2024-09-10 19:10:19 error: 	Error in getFundingRecommendations: Cannot read properties of null (reading 'includes')
2024-09-10 19:10:22 error: 	Error in getFundingRecommendations: Cannot read properties of null (reading 'includes')
2024-09-10 19:10:23 error: 	Error in getFundingRecommendations: Cannot read properties of null (reading 'includes')
2024-09-10 19:16:44 error: 	Error in getFundingRecommendations: Cannot read properties of null (reading 'includes')
2024-09-10 19:17:03 error: 	Error in getFundingRecommendations: Cannot read properties of null (reading 'includes')
2024-09-10 19:37:34 error: 	Error in getFundingRecommendations: Cannot read properties of null (reading 'includes')
2024-09-11 10:45:50 info: 	Server is running on port 8000
2024-09-11 10:47:42 error: 	Error in getFundingRecommendations: Cannot read properties of null (reading 'includes')
2024-09-11 10:52:31 error: 	Error in getFundingRecommendations: Cannot read properties of null (reading 'includes')
2024-09-11 11:05:35 error: 	Error in getFundingRecommendations: Cannot read properties of null (reading 'includes')
2024-09-11 11:06:17 error: 	Error in getFundingRecommendations: Cannot read properties of null (reading 'includes')
2024-09-11 11:06:32 error: 	Error in getFundingRecommendations: Cannot read properties of null (reading 'includes')
2024-09-11 11:07:07 error: 	Error in getFundingRecommendations: Cannot read properties of null (reading 'includes')
2024-09-11 11:07:07 error: 	Error in getFundingRecommendations: Cannot read properties of null (reading 'includes')
2024-09-11 11:07:09 error: 	Error in getFundingRecommendations: Cannot read properties of null (reading 'includes')
2024-09-11 11:07:10 error: 	Error in getFundingRecommendations: Cannot read properties of null (reading 'includes')
2024-09-11 11:07:11 error: 	Error in getFundingRecommendations: Cannot read properties of null (reading 'includes')
2024-09-11 11:07:12 error: 	Error in getFundingRecommendations: Cannot read properties of null (reading 'includes')
2024-09-11 11:07:16 error: 	Error in getFundingRecommendations: Cannot read properties of null (reading 'includes')
2024-09-11 11:07:17 error: 	Error in getFundingRecommendations: Cannot read properties of null (reading 'includes')
2024-09-11 11:07:18 error: 	Error in getFundingRecommendations: Cannot read properties of null (reading 'includes')
2024-09-11 11:07:18 error: 	Error in getFundingRecommendations: Cannot read properties of null (reading 'includes')
2024-09-11 11:07:20 error: 	Error in getFundingRecommendations: Cannot read properties of null (reading 'includes')
2024-09-11 11:07:57 error: 	Error in getFundingRecommendations: Cannot read properties of null (reading 'includes')
2024-09-11 11:07:58 error: 	Error in getFundingRecommendations: Cannot read properties of null (reading 'includes')
2024-09-11 11:10:17 error: 	Error in getFundingRecommendations: Cannot read properties of null (reading 'includes')
2024-09-11 11:10:19 error: 	Error in getFundingRecommendations: Cannot read properties of null (reading 'includes')
2024-09-11 11:10:19 error: 	Error in getFundingRecommendations: Cannot read properties of null (reading 'includes')
2024-09-11 11:11:44 error: 	Error in getFundingRecommendations: Cannot read properties of null (reading 'includes')
2024-09-11 11:23:16 error: 	Error in getFundingRecommendations: Cannot read properties of null (reading 'includes')
2024-09-11 11:23:16 error: 	Error in getFundingRecommendations: Cannot read properties of null (reading 'includes')
2024-09-11 11:23:17 error: 	Error in getFundingRecommendations: Cannot read properties of null (reading 'includes')
2024-09-11 11:23:19 error: 	Error in getFundingRecommendations: Cannot read properties of null (reading 'includes')
2024-09-11 11:23:19 error: 	Error in getFundingRecommendations: Cannot read properties of null (reading 'includes')
2024-09-11 11:23:20 error: 	Error in getFundingRecommendations: Cannot read properties of null (reading 'includes')
2024-09-11 11:23:32 error: 	Error in getFundingRecommendations: Cannot read properties of null (reading 'includes')
2024-09-11 11:23:34 error: 	Error in getFundingRecommendations: Cannot read properties of null (reading 'includes')
2024-09-11 11:23:36 error: 	Error in getFundingRecommendations: Cannot read properties of null (reading 'includes')
2024-09-11 11:23:41 error: 	Error in getFundingRecommendations: Cannot read properties of null (reading 'includes')
2024-09-11 11:23:45 error: 	Error in getFundingRecommendations: Cannot read properties of null (reading 'includes')
2024-09-11 11:23:52 error: 	Error in getFundingRecommendations: Cannot read properties of null (reading 'includes')
2024-09-11 11:23:54 error: 	Error in getFundingRecommendations: Cannot read properties of null (reading 'includes')
2024-09-11 11:23:56 error: 	Error in getFundingRecommendations: Cannot read properties of null (reading 'includes')
2024-09-11 11:23:57 error: 	Error in getFundingRecommendations: Cannot read properties of null (reading 'includes')
2024-09-11 11:23:57 error: 	Error in getFundingRecommendations: Cannot read properties of null (reading 'includes')
2024-09-11 11:23:59 error: 	Error in getFundingRecommendations: Cannot read properties of null (reading 'includes')
2024-09-11 11:24:00 error: 	Error in getFundingRecommendations: Cannot read properties of null (reading 'includes')
2024-09-11 11:24:03 error: 	Error in getFundingRecommendations: Cannot read properties of null (reading 'includes')
2024-09-11 11:24:05 error: 	Error in getFundingRecommendations: Cannot read properties of null (reading 'includes')
2024-09-11 11:24:06 error: 	Error in getFundingRecommendations: Cannot read properties of null (reading 'includes')
2024-09-11 11:24:08 error: 	Error in getFundingRecommendations: Cannot read properties of null (reading 'includes')
2024-09-11 11:47:26 info: 	Server is running on port 8000
2024-09-11 11:48:08 error: 	Error in getFundingRecommendations: Cannot read properties of null (reading 'includes')
2024-09-11 11:48:10 error: 	Error in getFundingRecommendations: Cannot read properties of null (reading 'includes')
2024-09-11 11:48:13 error: 	Error in getFundingRecommendations: Cannot read properties of null (reading 'includes')
2024-09-11 11:48:15 error: 	Error in getFundingRecommendations: Cannot read properties of null (reading 'includes')
2024-09-11 11:48:19 error: 	Error in getFundingRecommendations: Cannot read properties of null (reading 'includes')
2024-09-11 11:48:19 error: 	Error in getFundingRecommendations: Cannot read properties of null (reading 'includes')
2024-09-11 11:48:21 error: 	Error in getFundingRecommendations: Cannot read properties of null (reading 'includes')
2024-09-11 11:48:22 error: 	Error in getFundingRecommendations: Cannot read properties of null (reading 'includes')
2024-09-11 11:48:24 error: 	Error in getFundingRecommendations: Cannot read properties of null (reading 'includes')
2024-09-11 11:48:27 error: 	Error in getFundingRecommendations: Cannot read properties of null (reading 'includes')
2024-09-11 11:48:28 error: 	Error in getFundingRecommendations: Cannot read properties of null (reading 'includes')
2024-09-11 11:48:30 error: 	Error in getFundingRecommendations: Cannot read properties of null (reading 'includes')
2024-09-11 11:48:31 error: 	Error in getFundingRecommendations: Cannot read properties of null (reading 'includes')
2024-09-11 11:48:32 error: 	Error in getFundingRecommendations: Cannot read properties of null (reading 'includes')
2024-09-11 11:48:34 error: 	Error in getFundingRecommendations: Cannot read properties of null (reading 'includes')
2024-09-11 11:48:36 error: 	Error in getFundingRecommendations: Cannot read properties of null (reading 'includes')
2024-09-11 11:48:37 error: 	Error in getFundingRecommendations: Cannot read properties of null (reading 'includes')
2024-09-11 12:08:35 error: 	Error in getFundingRecommendations: Cannot read properties of null (reading 'includes')
2024-09-12 13:33:43 info: 	Server is running on port 8000
2024-09-12 14:03:00 error: 	Error in getFundingRecommendations: supabase.raw is not a function
2024-09-12 14:05:33 info: 	Server is running on port 8000
2024-09-12 14:05:54 error: 	Error in getFundingRecommendations: JSON object requested, multiple (or no) rows returned
2024-09-12 14:07:57 info: 	Server is running on port 8000
2024-09-12 14:08:07 error: 	Error in getFundingRecommendations: JSON object requested, multiple (or no) rows returned
2024-09-12 14:10:42 info: 	Server is running on port 8000
2024-09-12 14:10:51 error: 	Error in getFundingRecommendations: JSON object requested, multiple (or no) rows returned
2024-09-12 14:13:54 info: 	Server is running on port 8000
2024-09-12 14:14:13 error: 	Error in getFundingRecommendations: JSON object requested, multiple (or no) rows returned
2024-09-12 14:16:30 info: 	Server is running on port 8000
2024-09-12 14:16:38 info: 	Server is running on port 8000
2024-09-12 14:16:49 error: 	Error in getFundingRecommendations: JSON object requested, multiple (or no) rows returned
2024-09-12 14:17:41 info: 	Server is running on port 8000
2024-09-12 14:17:53 error: 	Error in getFundingRecommendations: JSON object requested, multiple (or no) rows returned
2024-09-12 14:20:56 info: 	Server is running on port 8000
2024-09-12 14:21:11 info: 	Server is running on port 8000
2024-09-12 14:21:27 error: 	Error saving recommendation history: JSON object requested, multiple (or no) rows returned
2024-09-12 14:25:49 info: 	Server is running on port 8000
2024-09-12 14:26:23 info: 	Server is running on port 8000
2024-09-12 14:41:46 info: 	Server is running on port 8000
2024-09-12 14:46:53 error: 	Error in getRecentRecommendations: supabase is not defined
2024-09-12 14:46:53 error: 	Error in getRecentRecommendations: supabase is not defined
2024-09-12 14:50:09 info: 	Server is running on port 8000
2024-09-12 14:51:05 error: 	Error in getRecentRecommendations: JSON object requested, multiple (or no) rows returned
2024-09-12 14:55:43 info: 	Server is running on port 8000
2024-09-12 14:56:17 info: 	Server is running on port 8000
2024-09-12 15:15:18 info: 	Server is running on port 8000
2024-09-12 15:16:48 info: 	Server is running on port 8000
2024-09-12 15:39:54 info: 	Server is running on port 8000
2024-09-12 15:49:56 info: 	Server is running on port 8000
2024-09-12 15:50:12 info: 	Server is running on port 8000
2024-09-12 15:54:23 error: 	Error in getUserProfile: insert or update on table "funding_user_profiles" violates foreign key constraint "funding_user_profiles_user_id_fkey"
2024-09-12 15:54:28 error: 	Error in getUserProfile: insert or update on table "funding_user_profiles" violates foreign key constraint "funding_user_profiles_user_id_fkey"
2024-09-12 16:07:58 error: 	Error in getUserProfile: insert or update on table "funding_user_profiles" violates foreign key constraint "funding_user_profiles_user_id_fkey"
2024-09-15 11:27:46 info: 	Server is running on port 8000
2024-09-15 11:30:07 error: 	Error in getUserProfile: insert or update on table "funding_user_profiles" violates foreign key constraint "funding_user_profiles_user_id_fkey"
2024-09-15 11:30:09 error: 	Error in getUserProfile: insert or update on table "funding_user_profiles" violates foreign key constraint "funding_user_profiles_user_id_fkey"
2024-09-15 11:40:46 info: 	Server is running on port 8000
2024-09-15 11:42:03 error: 	Error in getUserProfile: insert or update on table "funding_user_profiles" violates foreign key constraint "funding_user_profiles_user_id_fkey"
2024-09-15 11:48:46 error: 	Error in getUserProfile: insert or update on table "funding_user_profiles" violates foreign key constraint "funding_user_profiles_user_id_fkey"
2024-09-15 11:49:11 info: 	Server is running on port 8000
2024-09-15 11:53:16 error: 	Error in getUserProfile: insert or update on table "funding_user_profiles" violates foreign key constraint "funding_user_profiles_user_id_fkey"
2024-09-15 11:55:28 error: 	Error in getUserProfile: insert or update on table "funding_user_profiles" violates foreign key constraint "funding_user_profiles_user_id_fkey"
2024-09-15 12:02:42 info: 	Server is running on port 8000
2024-09-15 12:03:30 error: 	Error in getUserProfile: insert or update on table "funding_user_profiles" violates foreign key constraint "funding_user_profiles_user_id_fkey"
2024-09-15 12:07:01 info: 	Server is running on port 8000
2024-09-15 12:07:13 error: 	Error in getUserProfile: insert or update on table "funding_user_profiles" violates foreign key constraint "funding_user_profiles_user_id_fkey"
2024-09-15 12:12:28 info: 	Server is running on port 8000
2024-09-15 12:23:06 info: 	Server is running on port 8000
2024-09-15 12:23:34 info: 	Server is running on port 8000
2024-09-15 12:24:43 error: 	Error in getUserProfile: insert or update on table "funding_user_profiles" violates foreign key constraint "funding_user_profiles_user_id_fkey"
2024-09-15 12:29:51 info: 	Server is running on port 8000
2024-09-15 12:30:43 error: 	Error in getUserProfile: relation "public.auth.users" does not exist
2024-09-15 12:34:09 info: 	Server is running on port 8000
2024-09-15 12:34:18 info: 	Server is running on port 8000
2024-09-15 12:34:29 error: 	Error in getUserProfile: Cannot read properties of null (reading 'recommendation_history')
2024-09-15 12:36:42 error: 	Error in getUserProfile: Cannot read properties of null (reading 'recommendation_history')
2024-09-15 12:41:02 info: 	Server is running on port 8000
2024-09-15 12:42:32 error: 	Supabase auth error:
2024-09-15 12:42:32 error: 	Supabase auth error:
2024-09-15 12:42:43 error: 	Supabase auth error:
2024-09-15 12:42:43 error: 	Supabase auth error:
2024-09-15 12:45:38 info: 	Server is running on port 8000
2024-09-15 12:46:32 info: 	Server is running on port 8000
2024-09-15 13:15:54 info: 	Server is running on port 8000
2024-09-15 13:22:54 info: 	Server is running on port 8000
2024-09-15 13:23:00 info: 	Server is running on port 8000
2024-09-15 13:58:45 info: 	Server is running on port 8000
2024-09-15 14:01:04 info: 	Server is running on port 8000
2024-09-15 14:02:48 info: 	Server is running on port 8000
2024-09-15 14:30:21 info: 	Server is running on port 8000
2024-09-15 14:33:20 error: 	Supabase auth error:
2024-09-15 14:33:20 error: 	Supabase auth error:
2024-09-15 14:33:33 error: 	Supabase auth error:
2024-09-15 14:33:33 error: 	Supabase auth error:
2024-09-15 14:36:14 info: 	Server is running on port 8000
2024-09-15 14:42:56 info: 	Server is running on port 8000
2024-09-15 14:48:59 info: 	Server is running on port 8000
2024-09-15 14:55:01 info: 	Server is running on port 8000
2024-09-16 09:52:44 info: 	Server is running on port 8000
2024-09-16 10:53:04 info: 	Server is running on port 8000
2024-09-16 10:54:49 error: 	Error in getFundingRecommendations: userArray.filter is not a function
2024-09-16 10:57:15 info: 	Server is running on port 8000
2024-09-16 10:57:20 info: 	Server is running on port 8000
2024-09-16 11:02:09 error: 	Supabase auth error:
2024-09-16 11:02:09 error: 	Supabase auth error:
2024-09-16 11:02:12 error: 	Supabase auth error:
2024-09-16 11:02:12 error: 	Supabase auth error:
2024-09-16 11:50:51 info: 	Server is running on port 8000
2024-09-16 12:03:43 info: 	Server is running on port 8000
2024-09-16 12:04:06 info: 	Server is running on port 8000
2024-09-16 12:12:24 info: 	Server is running on port 8000
2024-09-16 12:17:06 info: 	Server is running on port 8000
2024-09-16 12:23:08 info: 	Server is running on port 8000
2024-09-16 12:23:25 error: 	Error in getFundingRecommendations: item.toLowerCase is not a function
2024-09-16 12:24:21 info: 	Server is running on port 8000
2024-09-16 12:24:28 error: 	Error in getFundingRecommendations: result is not defined
2024-09-16 12:27:28 info: 	Server is running on port 8000
2024-09-16 12:29:42 info: 	Server is running on port 8000
2024-09-16 15:13:17 info: 	Server is running on port 8000
2024-09-16 15:46:46 info: 	Server is running on port 8000
2024-09-16 15:48:52 info: 	Server is running on port 8000
2024-09-16 16:14:49 info: 	Server is running on port 8000
2024-09-16 21:26:55 info: 	Server is running on port 8000
